{"level":"info","message":"Connecting to MongoDB...","timestamp":"2025-07-04 00:33:07:337"}
{"level":"info","message":"🚀 Server is running on http://localhost:5000","timestamp":"2025-07-04 00:33:07:337"}
{"level":"info","message":"📊 Environment: development","timestamp":"2025-07-04 00:33:07:337"}
{"level":"info","message":"🔗 Health check: http://localhost:5000/health","timestamp":"2025-07-04 00:33:07:337"}
{"level":"info","message":"🔐 CSRF token: http://localhost:5000/api/csrf-token","timestamp":"2025-07-04 00:33:07:337"}
{"level":"info","message":"MongoDB connected successfully","timestamp":"2025-07-04 00:33:08:338"}
{"level":"debug","message":"GET /","timestamp":"2025-07-04 00:33:11:3311"}
{"level":"debug","message":"GET /favicon.ico","timestamp":"2025-07-04 00:33:11:3311"}
{"level":"info","message":"Connecting to MongoDB...","timestamp":"2025-07-05 15:39:09:399"}
{"level":"info","message":"🚀 Server is running on http://localhost:5000","timestamp":"2025-07-05 15:39:09:399"}
{"level":"info","message":"📊 Environment: development","timestamp":"2025-07-05 15:39:09:399"}
{"level":"info","message":"🔗 Health check: http://localhost:5000/health","timestamp":"2025-07-05 15:39:09:399"}
{"level":"info","message":"🔐 CSRF token: http://localhost:5000/api/csrf-token","timestamp":"2025-07-05 15:39:09:399"}
{"level":"info","message":"MongoDB connected successfully","timestamp":"2025-07-05 15:39:10:3910"}
{"level":"info","message":"Connecting to MongoDB...","timestamp":"2025-07-05 15:40:31:4031"}
{"level":"info","message":"🚀 Server is running on http://localhost:5000","timestamp":"2025-07-05 15:40:31:4031"}
{"level":"info","message":"📊 Environment: development","timestamp":"2025-07-05 15:40:31:4031"}
{"level":"info","message":"🔗 Health check: http://localhost:5000/health","timestamp":"2025-07-05 15:40:31:4031"}
{"level":"info","message":"🔐 CSRF token: http://localhost:5000/api/csrf-token","timestamp":"2025-07-05 15:40:31:4031"}
{"level":"info","message":"MongoDB connected successfully","timestamp":"2025-07-05 15:40:32:4032"}
{"level":"info","message":"Connecting to MongoDB...","timestamp":"2025-07-05 15:43:14:4314"}
{"level":"info","message":"🚀 Server is running on http://localhost:5000","timestamp":"2025-07-05 15:43:14:4314"}
{"level":"info","message":"📊 Environment: development","timestamp":"2025-07-05 15:43:14:4314"}
{"level":"info","message":"🔗 Health check: http://localhost:5000/health","timestamp":"2025-07-05 15:43:14:4314"}
{"level":"info","message":"🔐 CSRF token: http://localhost:5000/api/csrf-token","timestamp":"2025-07-05 15:43:14:4314"}
{"level":"info","message":"MongoDB connected successfully","timestamp":"2025-07-05 15:43:15:4315"}
{"level":"debug","message":"GET /api/products","timestamp":"2025-07-05 15:45:20:4520"}
{"level":"debug","message":"GET /api/blogs","timestamp":"2025-07-05 15:45:20:4520"}
{"category":"business","event":"blogs_fetch_initiated","filters":{"limit":10,"order":"desc","page":1,"sort":"createdAt"},"level":"info","message":"Business: blogs_fetch_initiated","timestamp":"2025-07-05 15:45:20:4520"}
{"blogCount":3,"event":"blogs_fetched","level":"info","message":"Business: blogs_fetched","timestamp":"2025-07-05 15:45:20:4520"}
{"category":"business","event":"products_viewed","filters":{},"level":"info","message":"Business: products_viewed","options":{"limit":10,"page":1,"sort":"-createdAt"},"resultCount":10,"timestamp":"2025-07-05 15:45:20:4520"}
{"level":"info","message":"Connecting to MongoDB...","timestamp":"2025-07-05 15:46:49:4649"}
{"level":"info","message":"🚀 Server is running on http://localhost:5000","timestamp":"2025-07-05 15:46:49:4649"}
{"level":"info","message":"📊 Environment: development","timestamp":"2025-07-05 15:46:49:4649"}
{"level":"info","message":"🔗 Health check: http://localhost:5000/health","timestamp":"2025-07-05 15:46:49:4649"}
{"level":"info","message":"🔐 CSRF token: http://localhost:5000/api/csrf-token","timestamp":"2025-07-05 15:46:49:4649"}
{"level":"info","message":"MongoDB connected successfully","timestamp":"2025-07-05 15:46:50:4650"}
{"level":"info","message":"Connecting to MongoDB...","timestamp":"2025-07-05 15:49:27:4927"}
{"level":"info","message":"🚀 Server is running on http://localhost:5000","timestamp":"2025-07-05 15:49:27:4927"}
{"level":"info","message":"📊 Environment: development","timestamp":"2025-07-05 15:49:27:4927"}
{"level":"info","message":"🔗 Health check: http://localhost:5000/health","timestamp":"2025-07-05 15:49:27:4927"}
{"level":"info","message":"🔐 CSRF token: http://localhost:5000/api/csrf-token","timestamp":"2025-07-05 15:49:27:4927"}
{"level":"info","message":"MongoDB connected successfully","timestamp":"2025-07-05 15:49:28:4928"}
{"level":"info","message":"SIGINT received, shutting down gracefully","timestamp":"2025-07-06 01:10:36:1036"}
{"level":"info","message":"MongoDB connection closed","timestamp":"2025-07-06 01:10:37:1037"}
{"level":"info","message":"Connecting to MongoDB...","timestamp":"2025-07-06 01:10:51:1051"}
{"level":"info","message":"🚀 Server is running on http://localhost:5000","timestamp":"2025-07-06 01:10:51:1051"}
{"level":"info","message":"📊 Environment: development","timestamp":"2025-07-06 01:10:51:1051"}
{"level":"info","message":"🔗 Health check: http://localhost:5000/health","timestamp":"2025-07-06 01:10:51:1051"}
{"level":"info","message":"🔐 CSRF token: http://localhost:5000/api/csrf-token","timestamp":"2025-07-06 01:10:51:1051"}
{"level":"info","message":"MongoDB connected successfully","timestamp":"2025-07-06 01:10:51:1051"}
{"level":"debug","message":"GET /api/products","timestamp":"2025-07-06 01:10:54:1054"}
{"level":"debug","message":"GET /api/blogs","timestamp":"2025-07-06 01:10:54:1054"}
{"category":"business","event":"blogs_fetch_initiated","filters":{"limit":10,"order":"desc","page":1,"sort":"createdAt"},"level":"info","message":"Business: blogs_fetch_initiated","timestamp":"2025-07-06 01:10:54:1054"}
{"blogCount":3,"event":"blogs_fetched","level":"info","message":"Business: blogs_fetched","timestamp":"2025-07-06 01:10:54:1054"}
{"category":"business","event":"products_viewed","filters":{},"level":"info","message":"Business: products_viewed","options":{"limit":10,"page":1,"sort":"-createdAt"},"resultCount":10,"timestamp":"2025-07-06 01:10:55:1055"}
{"level":"debug","message":"GET /health","timestamp":"2025-07-06 01:11:33:1133"}
{"level":"debug","message":"GET /","timestamp":"2025-07-06 01:11:46:1146"}
{"level":"debug","message":"GET /api/products","timestamp":"2025-07-06 01:12:44:1244"}
{"category":"business","event":"products_viewed","filters":{},"level":"info","message":"Business: products_viewed","options":{"limit":10,"page":1,"sort":"-createdAt"},"resultCount":10,"timestamp":"2025-07-06 01:12:44:1244"}
{"level":"debug","message":"GET /api/users","timestamp":"2025-07-06 01:12:50:1250"}
{"level":"debug","message":"GET /api/products","timestamp":"2025-07-06 01:13:37:1337"}
{"category":"business","event":"products_viewed","filters":{},"level":"info","message":"Business: products_viewed","options":{"limit":10,"page":1,"sort":"-createdAt"},"resultCount":10,"timestamp":"2025-07-06 01:13:37:1337"}
{"level":"debug","message":"GET /api/products?limit=1","timestamp":"2025-07-06 01:13:43:1343"}
{"category":"business","event":"products_viewed","filters":{},"level":"info","message":"Business: products_viewed","options":{"limit":1,"page":1,"sort":"-createdAt"},"resultCount":1,"timestamp":"2025-07-06 01:13:44:1344"}
{"level":"debug","message":"POST /api/users/register","timestamp":"2025-07-06 01:14:45:1445"}
{"email":"test@example.com","error":"Bu e-posta adresi zaten kullanımda","level":"error","message":"User registration error:","stack":"Error: Bu e-posta adresi zaten kullanımda\n    at UserService.registerUser (D:\\expoProjects\\cardiolive\\backend\\src\\services\\UserService.js:35:13)\n    at process.processTicksAndRejections (node:internal/process/task_queues:95:5)\n    at async exports.register (D:\\expoProjects\\cardiolive\\backend\\src\\controllers\\userController.js:13:20)","timestamp":"2025-07-06 01:14:45:1445"}
{"level":"debug","message":"POST /api/users/login","timestamp":"2025-07-06 01:14:52:1452"}
{"email":"admin@cardiolive.com","level":"info","message":"User authenticated successfully","timestamp":"2025-07-06 01:14:52:1452","userId":"68372d69ddff1ffe7843d75e"}
{"email":"admin@cardiolive.com","event":"user_login","ip":"::1","level":"info","message":"Auth: user_login","timestamp":"2025-07-06 01:14:52:1452","userAgent":"curl/8.11.0","userId":"68372d69ddff1ffe7843d75e"}
{"level":"info","message":"Connecting to MongoDB...","timestamp":"2025-07-06 01:15:53:1553"}
{"level":"info","message":"🚀 Server is running on http://localhost:5000","timestamp":"2025-07-06 01:15:53:1553"}
{"level":"info","message":"📊 Environment: test","timestamp":"2025-07-06 01:15:53:1553"}
{"level":"info","message":"🔗 Health check: http://localhost:5000/health","timestamp":"2025-07-06 01:15:53:1553"}
{"level":"info","message":"🔐 CSRF token: http://localhost:5000/api/csrf-token","timestamp":"2025-07-06 01:15:53:1553"}
{"level":"info","message":"MongoDB connected successfully","timestamp":"2025-07-06 01:15:54:1554"}
{"level":"info","message":"Connecting to MongoDB...","timestamp":"2025-07-06 01:20:24:2024"}
{"level":"info","message":"🚀 Server is running on http://localhost:5000","timestamp":"2025-07-06 01:20:24:2024"}
{"level":"info","message":"📊 Environment: test","timestamp":"2025-07-06 01:20:24:2024"}
{"level":"info","message":"🔗 Health check: http://localhost:5000/health","timestamp":"2025-07-06 01:20:24:2024"}
{"level":"info","message":"🔐 CSRF token: http://localhost:5000/api/csrf-token","timestamp":"2025-07-06 01:20:24:2024"}
{"level":"info","message":"MongoDB connected successfully","timestamp":"2025-07-06 01:20:25:2025"}
{"level":"info","message":"Connecting to MongoDB...","timestamp":"2025-07-06 01:22:49:2249"}
{"level":"info","message":"🚀 Server is running on http://localhost:5000","timestamp":"2025-07-06 01:22:49:2249"}
{"level":"info","message":"📊 Environment: test","timestamp":"2025-07-06 01:22:49:2249"}
{"level":"info","message":"🔗 Health check: http://localhost:5000/health","timestamp":"2025-07-06 01:22:49:2249"}
{"level":"info","message":"🔐 CSRF token: http://localhost:5000/api/csrf-token","timestamp":"2025-07-06 01:22:49:2249"}
{"level":"info","message":"MongoDB connected successfully","timestamp":"2025-07-06 01:22:51:2251"}
{"level":"info","message":"Connecting to MongoDB...","timestamp":"2025-07-06 01:27:21:2721"}
{"level":"info","message":"🚀 Server is running on http://localhost:5000","timestamp":"2025-07-06 01:27:21:2721"}
{"level":"info","message":"📊 Environment: test","timestamp":"2025-07-06 01:27:21:2721"}
{"level":"info","message":"🔗 Health check: http://localhost:5000/health","timestamp":"2025-07-06 01:27:21:2721"}
{"level":"info","message":"🔐 CSRF token: http://localhost:5000/api/csrf-token","timestamp":"2025-07-06 01:27:21:2721"}
{"level":"info","message":"MongoDB connected successfully","timestamp":"2025-07-06 01:27:22:2722"}
{"email":"test@example.com","event":"login_failed","ip":"::ffff:127.0.0.1","level":"info","message":"Auth: login_failed","reason":"Geçersiz e-posta veya şifre","timestamp":"2025-07-06 01:27:23:2723"}
{"email":"test@example.com","event":"login_failed","ip":"::ffff:127.0.0.1","level":"info","message":"Auth: login_failed","reason":"Geçersiz e-posta veya şifre","timestamp":"2025-07-06 01:27:23:2723"}
{"email":"admin@example.com","event":"login_failed","ip":"::ffff:127.0.0.1","level":"info","message":"Auth: login_failed","reason":"Geçersiz e-posta veya şifre","timestamp":"2025-07-06 01:27:23:2723"}
{"category":"business","event":"products_viewed","filters":{},"level":"info","message":"Business: products_viewed","options":{"limit":10,"page":1,"sort":"-createdAt"},"resultCount":0,"timestamp":"2025-07-06 01:27:23:2723"}
{"error":"Ürün bulunamadı","level":"error","message":"Get product error:","productId":"6869a6cbe3c50068282b986b","timestamp":"2025-07-06 01:27:23:2723"}
{"category":"business","event":"blogs_fetch_initiated","filters":{"limit":10,"order":"desc","page":1,"sort":"createdAt"},"level":"info","message":"Business: blogs_fetch_initiated","timestamp":"2025-07-06 01:27:23:2723"}
{"blogCount":0,"event":"blogs_fetched","level":"info","message":"Business: blogs_fetched","timestamp":"2025-07-06 01:27:23:2723"}
{"level":"info","message":"Connecting to MongoDB...","timestamp":"2025-07-06 01:29:39:2939"}
{"level":"info","message":"🚀 Server is running on http://localhost:5000","timestamp":"2025-07-06 01:29:39:2939"}
{"level":"info","message":"📊 Environment: test","timestamp":"2025-07-06 01:29:39:2939"}
{"level":"info","message":"🔗 Health check: http://localhost:5000/health","timestamp":"2025-07-06 01:29:39:2939"}
{"level":"info","message":"🔐 CSRF token: http://localhost:5000/api/csrf-token","timestamp":"2025-07-06 01:29:39:2939"}
{"level":"info","message":"MongoDB connected successfully","timestamp":"2025-07-06 01:29:40:2940"}
{"level":"info","message":"Connecting to MongoDB...","timestamp":"2025-07-06 01:30:42:3042"}
{"level":"info","message":"🚀 Server is running on http://localhost:5000","timestamp":"2025-07-06 01:30:42:3042"}
{"level":"info","message":"📊 Environment: test","timestamp":"2025-07-06 01:30:42:3042"}
{"level":"info","message":"🔗 Health check: http://localhost:5000/health","timestamp":"2025-07-06 01:30:42:3042"}
{"level":"info","message":"🔐 CSRF token: http://localhost:5000/api/csrf-token","timestamp":"2025-07-06 01:30:42:3042"}
{"level":"info","message":"MongoDB connected successfully","timestamp":"2025-07-06 01:30:43:3043"}
{"level":"info","message":"Connecting to MongoDB...","timestamp":"2025-07-06 01:40:30:4030"}
{"level":"info","message":"🚀 Server is running on http://localhost:5000","timestamp":"2025-07-06 01:40:30:4030"}
{"level":"info","message":"📊 Environment: test","timestamp":"2025-07-06 01:40:30:4030"}
{"level":"info","message":"🔗 Health check: http://localhost:5000/health","timestamp":"2025-07-06 01:40:30:4030"}
{"level":"info","message":"🔐 CSRF token: http://localhost:5000/api/csrf-token","timestamp":"2025-07-06 01:40:30:4030"}
{"level":"info","message":"MongoDB connected successfully","timestamp":"2025-07-06 01:40:31:4031"}
{"email":"test@example.com","level":"info","message":"User registered successfully","timestamp":"2025-07-06 01:40:32:4032","userId":"6869a9e06641f855c430464a"}
{"email":"test@example.com","event":"user_registered","level":"info","message":"Auth: user_registered","timestamp":"2025-07-06 01:40:32:4032","userId":"6869a9e06641f855c430464a"}
{"email":"test@example.com","level":"info","message":"User registered successfully","timestamp":"2025-07-06 01:40:32:4032","userId":"6869a9e06641f855c4304653"}
{"email":"test@example.com","event":"user_registered","level":"info","message":"Auth: user_registered","timestamp":"2025-07-06 01:40:32:4032","userId":"6869a9e06641f855c4304653"}
{"email":"test@example.com","event":"login_failed","ip":"::ffff:127.0.0.1","level":"info","message":"Auth: login_failed","reason":"Geçersiz e-posta veya şifre","timestamp":"2025-07-06 01:40:32:4032"}
{"email":"test@example.com","event":"login_failed","ip":"::ffff:127.0.0.1","level":"info","message":"Auth: login_failed","reason":"Geçersiz e-posta veya şifre","timestamp":"2025-07-06 01:40:32:4032"}
{"email":"admin@example.com","event":"login_failed","ip":"::ffff:127.0.0.1","level":"info","message":"Auth: login_failed","reason":"Geçersiz e-posta veya şifre","timestamp":"2025-07-06 01:40:32:4032"}
{"category":"business","event":"products_viewed","filters":{},"level":"info","message":"Business: products_viewed","options":{"limit":10,"page":1,"sort":"-createdAt"},"resultCount":0,"timestamp":"2025-07-06 01:40:32:4032"}
{"error":"Ürün bulunamadı","level":"error","message":"Get product error:","productId":"6869a9e06641f855c43046a1","timestamp":"2025-07-06 01:40:32:4032"}
{"category":"business","event":"blogs_fetch_initiated","filters":{"limit":10,"order":"desc","page":1,"sort":"createdAt"},"level":"info","message":"Business: blogs_fetch_initiated","timestamp":"2025-07-06 01:40:32:4032"}
{"blogCount":0,"event":"blogs_fetched","level":"info","message":"Business: blogs_fetched","timestamp":"2025-07-06 01:40:32:4032"}
{"level":"info","message":"Connecting to MongoDB...","timestamp":"2025-07-06 05:11:37:1137"}
{"level":"info","message":"🚀 Server is running on http://localhost:5000","timestamp":"2025-07-06 05:11:37:1137"}
{"level":"info","message":"📊 Environment: test","timestamp":"2025-07-06 05:11:37:1137"}
{"level":"info","message":"🔗 Health check: http://localhost:5000/health","timestamp":"2025-07-06 05:11:37:1137"}
{"level":"info","message":"🔐 CSRF token: http://localhost:5000/api/csrf-token","timestamp":"2025-07-06 05:11:37:1137"}
{"level":"info","message":"MongoDB connected successfully","timestamp":"2025-07-06 05:11:38:1138"}
{"email":"test@example.com","level":"info","message":"User registered successfully","timestamp":"2025-07-06 05:11:39:1139","userId":"6869db5b45595f3af1e229ea"}
{"email":"test@example.com","event":"user_registered","level":"info","message":"Auth: user_registered","timestamp":"2025-07-06 05:11:39:1139"}
{"email":"test@example.com","level":"info","message":"User registered successfully","timestamp":"2025-07-06 05:11:40:1140","userId":"6869db5c45595f3af1e229f3"}
{"email":"test@example.com","event":"user_registered","level":"info","message":"Auth: user_registered","timestamp":"2025-07-06 05:11:40:1140"}
{"email":"test@example.com","event":"login_failed","ip":"::ffff:127.0.0.1","level":"info","message":"Auth: login_failed","reason":"Geçersiz e-posta veya şifre","timestamp":"2025-07-06 05:11:40:1140"}
{"email":"test@example.com","event":"login_failed","ip":"::ffff:127.0.0.1","level":"info","message":"Auth: login_failed","reason":"Geçersiz e-posta veya şifre","timestamp":"2025-07-06 05:11:40:1140"}
{"email":"admin@example.com","event":"login_failed","ip":"::ffff:127.0.0.1","level":"info","message":"Auth: login_failed","reason":"Geçersiz e-posta veya şifre","timestamp":"2025-07-06 05:11:40:1140"}
{"category":"business","event":"products_viewed","filters":{},"level":"info","message":"Business: products_viewed","options":{"limit":10,"page":1,"sort":"-createdAt"},"resultCount":0,"timestamp":"2025-07-06 05:11:40:1140"}
{"error":"Ürün bulunamadı","level":"error","message":"Get product error:","productId":"6869db5c45595f3af1e22a41","timestamp":"2025-07-06 05:11:40:1140"}
{"category":"business","event":"blogs_fetch_initiated","filters":{"limit":10,"order":"desc","page":1,"sort":"createdAt"},"level":"info","message":"Business: blogs_fetch_initiated","timestamp":"2025-07-06 05:11:40:1140"}
{"blogCount":0,"event":"blogs_fetched","level":"info","message":"Business: blogs_fetched","timestamp":"2025-07-06 05:11:40:1140"}
{"level":"info","message":"Connecting to MongoDB...","timestamp":"2025-07-06 05:28:49:2849"}
{"level":"info","message":"🚀 Server is running on http://localhost:5000","timestamp":"2025-07-06 05:28:49:2849"}
{"level":"info","message":"📊 Environment: test","timestamp":"2025-07-06 05:28:49:2849"}
{"level":"info","message":"🔗 Health check: http://localhost:5000/health","timestamp":"2025-07-06 05:28:49:2849"}
{"level":"info","message":"🔐 CSRF token: http://localhost:5000/api/csrf-token","timestamp":"2025-07-06 05:28:49:2849"}
{"level":"info","message":"MongoDB connected successfully","timestamp":"2025-07-06 05:28:50:2850"}
{"email":"test@example.com","level":"info","message":"User registered successfully","timestamp":"2025-07-06 05:28:51:2851","userId":"6869df63bf205e4c7838f5b9"}
{"email":"test@example.com","event":"user_registered","level":"info","message":"Auth: user_registered","timestamp":"2025-07-06 05:28:51:2851","userId":"6869df63bf205e4c7838f5b9"}
{"level":"info","message":"Connecting to MongoDB...","timestamp":"2025-07-06 06:08:20:820"}
{"level":"info","message":"🚀 Server is running on http://localhost:5000","timestamp":"2025-07-06 06:08:20:820"}
{"level":"info","message":"📊 Environment: test","timestamp":"2025-07-06 06:08:20:820"}
{"level":"info","message":"🔗 Health check: http://localhost:5000/health","timestamp":"2025-07-06 06:08:20:820"}
{"level":"info","message":"🔐 CSRF token: http://localhost:5000/api/csrf-token","timestamp":"2025-07-06 06:08:20:820"}
{"level":"info","message":"MongoDB connected successfully","timestamp":"2025-07-06 06:08:21:821"}
{"email":"test@example.com","level":"info","message":"User registered successfully","timestamp":"2025-07-06 06:08:23:823","userId":"6869e8a7c9c24003b0fcf292"}
{"email":"test@example.com","event":"user_registered","level":"info","message":"Auth: user_registered","timestamp":"2025-07-06 06:08:23:823","userId":"6869e8a7c9c24003b0fcf292"}
